###############################################################################
#
# IAR ELF Linker V9.32.1.338/W64 for ARM                  23/Nov/2023  23:05:04
# Copyright 2007-2022 IAR Systems AB.
#
#    Output file  =
#        C:\STM32_Rep\Nucleo_F446RE_software_reset\Nucleo_F446RE_software_reset\EWARM\Nucleo_F446RE_software_reset\Exe\Nucleo_F446RE_software_reset.out
#    Map file     =
#        C:\STM32_Rep\Nucleo_F446RE_software_reset\Nucleo_F446RE_software_reset\EWARM\Nucleo_F446RE_software_reset\List\Nucleo_F446RE_software_reset.map
#    Command line =
#        -f
#        C:\STM32_Rep\Nucleo_F446RE_software_reset\Nucleo_F446RE_software_reset\EWARM\Nucleo_F446RE_software_reset\Exe\Nucleo_F446RE_software_reset.out.rsp
#        (C:\STM32_Rep\Nucleo_F446RE_software_reset\Nucleo_F446RE_software_reset\EWARM\Nucleo_F446RE_software_reset\Obj\Application\User\Core\main.o
#        C:\STM32_Rep\Nucleo_F446RE_software_reset\Nucleo_F446RE_software_reset\EWARM\Nucleo_F446RE_software_reset\Obj\Application\EWARM\startup_stm32f446xx.o
#        C:\STM32_Rep\Nucleo_F446RE_software_reset\Nucleo_F446RE_software_reset\EWARM\Nucleo_F446RE_software_reset\Obj\Drivers\STM32F4xx_HAL_Driver\stm32f4xx_hal.o
#        C:\STM32_Rep\Nucleo_F446RE_software_reset\Nucleo_F446RE_software_reset\EWARM\Nucleo_F446RE_software_reset\Obj\Drivers\STM32F4xx_HAL_Driver\stm32f4xx_hal_cortex.o
#        C:\STM32_Rep\Nucleo_F446RE_software_reset\Nucleo_F446RE_software_reset\EWARM\Nucleo_F446RE_software_reset\Obj\Drivers\STM32F4xx_HAL_Driver\stm32f4xx_hal_dma.o
#        C:\STM32_Rep\Nucleo_F446RE_software_reset\Nucleo_F446RE_software_reset\EWARM\Nucleo_F446RE_software_reset\Obj\Drivers\STM32F4xx_HAL_Driver\stm32f4xx_hal_dma_ex.o
#        C:\STM32_Rep\Nucleo_F446RE_software_reset\Nucleo_F446RE_software_reset\EWARM\Nucleo_F446RE_software_reset\Obj\Drivers\STM32F4xx_HAL_Driver\stm32f4xx_hal_exti.o
#        C:\STM32_Rep\Nucleo_F446RE_software_reset\Nucleo_F446RE_software_reset\EWARM\Nucleo_F446RE_software_reset\Obj\Drivers\STM32F4xx_HAL_Driver\stm32f4xx_hal_flash.o
#        C:\STM32_Rep\Nucleo_F446RE_software_reset\Nucleo_F446RE_software_reset\EWARM\Nucleo_F446RE_software_reset\Obj\Drivers\STM32F4xx_HAL_Driver\stm32f4xx_hal_flash_ex.o
#        C:\STM32_Rep\Nucleo_F446RE_software_reset\Nucleo_F446RE_software_reset\EWARM\Nucleo_F446RE_software_reset\Obj\Drivers\STM32F4xx_HAL_Driver\stm32f4xx_hal_flash_ramfunc.o
#        C:\STM32_Rep\Nucleo_F446RE_software_reset\Nucleo_F446RE_software_reset\EWARM\Nucleo_F446RE_software_reset\Obj\Drivers\STM32F4xx_HAL_Driver\stm32f4xx_hal_gpio.o
#        C:\STM32_Rep\Nucleo_F446RE_software_reset\Nucleo_F446RE_software_reset\EWARM\Nucleo_F446RE_software_reset\Obj\Application\User\Core\stm32f4xx_hal_msp.o
#        C:\STM32_Rep\Nucleo_F446RE_software_reset\Nucleo_F446RE_software_reset\EWARM\Nucleo_F446RE_software_reset\Obj\Drivers\STM32F4xx_HAL_Driver\stm32f4xx_hal_pwr.o
#        C:\STM32_Rep\Nucleo_F446RE_software_reset\Nucleo_F446RE_software_reset\EWARM\Nucleo_F446RE_software_reset\Obj\Drivers\STM32F4xx_HAL_Driver\stm32f4xx_hal_pwr_ex.o
#        C:\STM32_Rep\Nucleo_F446RE_software_reset\Nucleo_F446RE_software_reset\EWARM\Nucleo_F446RE_software_reset\Obj\Drivers\STM32F4xx_HAL_Driver\stm32f4xx_hal_rcc.o
#        C:\STM32_Rep\Nucleo_F446RE_software_reset\Nucleo_F446RE_software_reset\EWARM\Nucleo_F446RE_software_reset\Obj\Drivers\STM32F4xx_HAL_Driver\stm32f4xx_hal_rcc_ex.o
#        C:\STM32_Rep\Nucleo_F446RE_software_reset\Nucleo_F446RE_software_reset\EWARM\Nucleo_F446RE_software_reset\Obj\Drivers\STM32F4xx_HAL_Driver\stm32f4xx_hal_tim.o
#        C:\STM32_Rep\Nucleo_F446RE_software_reset\Nucleo_F446RE_software_reset\EWARM\Nucleo_F446RE_software_reset\Obj\Drivers\STM32F4xx_HAL_Driver\stm32f4xx_hal_tim_ex.o
#        C:\STM32_Rep\Nucleo_F446RE_software_reset\Nucleo_F446RE_software_reset\EWARM\Nucleo_F446RE_software_reset\Obj\Drivers\STM32F4xx_HAL_Driver\stm32f4xx_hal_uart.o
#        C:\STM32_Rep\Nucleo_F446RE_software_reset\Nucleo_F446RE_software_reset\EWARM\Nucleo_F446RE_software_reset\Obj\Application\User\Core\stm32f4xx_it.o
#        C:\STM32_Rep\Nucleo_F446RE_software_reset\Nucleo_F446RE_software_reset\EWARM\Nucleo_F446RE_software_reset\Obj\Drivers\CMSIS\system_stm32f4xx.o
#        --no_out_extension -o
#        C:\STM32_Rep\Nucleo_F446RE_software_reset\Nucleo_F446RE_software_reset\EWARM\Nucleo_F446RE_software_reset\Exe\Nucleo_F446RE_software_reset.out
#        --redirect _Printf=_PrintfFullNoMb --redirect _Scanf=_ScanfFullNoMb
#        --map
#        C:\STM32_Rep\Nucleo_F446RE_software_reset\Nucleo_F446RE_software_reset\EWARM\Nucleo_F446RE_software_reset\List\Nucleo_F446RE_software_reset.map
#        --config
#        C:\STM32_Rep\Nucleo_F446RE_software_reset\Nucleo_F446RE_software_reset\EWARM/stm32f446xx_flash.icf
#        --semihosting --entry __iar_program_start --vfe --text_out locale
#        --cpu=Cortex-M4 --fpu=VFPv4_sp)
#
###############################################################################

*******************************************************************************
*** RUNTIME MODEL ATTRIBUTES
***

CppFlavor       = *
__CPP_Runtime   = 1
__SystemLibrary = DLib
__dlib_version  = 6


*******************************************************************************
*** HEAP SELECTION
***

The basic heap was selected because --advanced_heap
was not specified and the application did not appear to
be primarily optimized for speed.


*******************************************************************************
*** PLACEMENT SUMMARY
***

"A0":  place at address 0x800'0000 { ro section .intvec };
"P1":  place in [from 0x800'0000 to 0x807'ffff] { ro };
define block CSTACK with size = 1K, alignment = 8 { };
define block HEAP with size = 512, alignment = 8 { };
"P2":  place in [from 0x2000'0000 to 0x2001'ffff] {
          rw, block CSTACK, block HEAP };
initialize by copy { rw };

  Section            Kind         Address    Size  Object
  -------            ----         -------    ----  ------
"A0":                                       0x1c4
  .intvec            ro code   0x800'0000   0x1c4  startup_stm32f446xx.o [1]
                             - 0x800'01c4   0x1c4

"P1":                                      0x1061
  .text              ro code   0x800'01c4   0x3f0  stm32f4xx_hal_rcc_ex.o [4]
  .text              ro code   0x800'05b4     0xc  stm32f4xx_hal.o [4]
  .text              ro code   0x800'05c0   0x106  I64DivMod_small.o [7]
  .text              ro code   0x800'06c6    0x3a  packbits_init_single.o [7]
  .text              ro code   0x800'0700     0x2  I64DivZer.o [7]
  .text              ro code   0x800'0704   0x1fc  stm32f4xx_hal_gpio.o [4]
  .text              ro code   0x800'0900   0x1ae  main.o [2]
  .text              ro code   0x800'0ab0    0x34  stm32f4xx_hal.o [4]
  .text              ro code   0x800'0ae4   0x144  stm32f4xx_hal_uart.o [4]
  .text              ro code   0x800'0c28    0xc8  stm32f4xx_hal_cortex.o [4]
  .text              ro code   0x800'0cf0    0x14  memset.o [7]
  .text              ro code   0x800'0d04   0x14c  stm32f4xx_hal_rcc.o [4]
  .text              ro code   0x800'0e50    0x40  stm32f4xx_hal.o [4]
  .text              ro code   0x800'0e90    0xac  stm32f4xx_hal_msp.o [2]
  .text              ro code   0x800'0f3c    0x66  ABImemset.o [7]
  .text              ro code   0x800'0fa4    0x28  data_init.o [7]
  .text              ro code   0x800'0fcc    0x22  fpinit_M.o [6]
  .iar.init_table    const     0x800'0ff0    0x10  - Linker created -
  .text              ro code   0x800'1000    0x20  system_stm32f4xx.o [3]
  .text              ro code   0x800'1020    0x1e  cmain.o [7]
  .text              ro code   0x800'103e     0x4  low_level_init.o [5]
  .text              ro code   0x800'1042     0x4  exit.o [5]
  .text              ro code   0x800'1048     0xa  cexit.o [7]
  .text              ro code   0x800'1054    0x14  exit.o [8]
  .text              ro code   0x800'1068    0x1c  cstartup_M.o [7]
  .text              ro code   0x800'1084    0x14  stm32f4xx_it.o [2]
  .text              ro code   0x800'1098    0x10  stm32f4xx_hal.o [4]
  .text              ro code   0x800'10a8    0x10  startup_stm32f446xx.o [1]
  .rodata            const     0x800'10b8     0x8  system_stm32f4xx.o [3]
  .text              ro code   0x800'10c0     0x4  startup_stm32f446xx.o [1]
  .text              ro code   0x800'10c4     0x4  startup_stm32f446xx.o [1]
  .text              ro code   0x800'10c8     0x4  startup_stm32f446xx.o [1]
  .text              ro code   0x800'10cc     0x4  startup_stm32f446xx.o [1]
  .text              ro code   0x800'10d0     0x4  startup_stm32f446xx.o [1]
  .text              ro code   0x800'10d4     0x4  startup_stm32f446xx.o [1]
  .text              ro code   0x800'10d8     0x4  startup_stm32f446xx.o [1]
  .text              ro code   0x800'10dc     0x4  startup_stm32f446xx.o [1]
  .text              ro code   0x800'10e0     0x4  startup_stm32f446xx.o [1]
  .text              ro code   0x800'10e4     0x4  startup_stm32f446xx.o [1]
  .text              ro code   0x800'10e8     0x4  startup_stm32f446xx.o [1]
  .text              ro code   0x800'10ec     0x4  startup_stm32f446xx.o [1]
  .text              ro code   0x800'10f0     0x4  startup_stm32f446xx.o [1]
  .text              ro code   0x800'10f4     0x4  startup_stm32f446xx.o [1]
  .text              ro code   0x800'10f8     0x4  startup_stm32f446xx.o [1]
  .text              ro code   0x800'10fc     0x4  startup_stm32f446xx.o [1]
  .text              ro code   0x800'1100     0x4  startup_stm32f446xx.o [1]
  .text              ro code   0x800'1104     0x4  startup_stm32f446xx.o [1]
  .text              ro code   0x800'1108     0x4  startup_stm32f446xx.o [1]
  .text              ro code   0x800'110c     0x4  startup_stm32f446xx.o [1]
  .text              ro code   0x800'1110     0x4  startup_stm32f446xx.o [1]
  .text              ro code   0x800'1114     0x4  startup_stm32f446xx.o [1]
  .text              ro code   0x800'1118     0x4  startup_stm32f446xx.o [1]
  .text              ro code   0x800'111c     0x4  startup_stm32f446xx.o [1]
  .text              ro code   0x800'1120     0x4  startup_stm32f446xx.o [1]
  .text              ro code   0x800'1124     0x4  startup_stm32f446xx.o [1]
  .text              ro code   0x800'1128     0x4  startup_stm32f446xx.o [1]
  .text              ro code   0x800'112c     0x4  startup_stm32f446xx.o [1]
  .text              ro code   0x800'1130     0x4  startup_stm32f446xx.o [1]
  .text              ro code   0x800'1134     0x4  startup_stm32f446xx.o [1]
  .text              ro code   0x800'1138     0x4  startup_stm32f446xx.o [1]
  .text              ro code   0x800'113c     0x4  startup_stm32f446xx.o [1]
  .text              ro code   0x800'1140     0x4  startup_stm32f446xx.o [1]
  .text              ro code   0x800'1144     0x4  startup_stm32f446xx.o [1]
  .text              ro code   0x800'1148     0x4  startup_stm32f446xx.o [1]
  .text              ro code   0x800'114c     0x4  startup_stm32f446xx.o [1]
  .text              ro code   0x800'1150     0x4  startup_stm32f446xx.o [1]
  .text              ro code   0x800'1154     0x4  startup_stm32f446xx.o [1]
  .text              ro code   0x800'1158     0x4  startup_stm32f446xx.o [1]
  .text              ro code   0x800'115c     0x4  startup_stm32f446xx.o [1]
  .text              ro code   0x800'1160     0x4  startup_stm32f446xx.o [1]
  .text              ro code   0x800'1164     0x4  startup_stm32f446xx.o [1]
  .text              ro code   0x800'1168     0x4  startup_stm32f446xx.o [1]
  .text              ro code   0x800'116c     0x4  startup_stm32f446xx.o [1]
  .text              ro code   0x800'1170     0x4  startup_stm32f446xx.o [1]
  .text              ro code   0x800'1174     0x4  startup_stm32f446xx.o [1]
  .text              ro code   0x800'1178     0x4  startup_stm32f446xx.o [1]
  .text              ro code   0x800'117c     0x4  startup_stm32f446xx.o [1]
  .text              ro code   0x800'1180     0x4  startup_stm32f446xx.o [1]
  .text              ro code   0x800'1184     0x4  startup_stm32f446xx.o [1]
  .text              ro code   0x800'1188     0x4  startup_stm32f446xx.o [1]
  .text              ro code   0x800'118c     0x4  startup_stm32f446xx.o [1]
  .text              ro code   0x800'1190     0x4  startup_stm32f446xx.o [1]
  .text              ro code   0x800'1194     0x4  startup_stm32f446xx.o [1]
  .text              ro code   0x800'1198     0x4  startup_stm32f446xx.o [1]
  .text              ro code   0x800'119c     0x4  startup_stm32f446xx.o [1]
  .text              ro code   0x800'11a0     0x4  startup_stm32f446xx.o [1]
  .text              ro code   0x800'11a4     0x4  startup_stm32f446xx.o [1]
  .text              ro code   0x800'11a8     0x4  startup_stm32f446xx.o [1]
  .text              ro code   0x800'11ac     0x4  startup_stm32f446xx.o [1]
  .text              ro code   0x800'11b0     0x4  startup_stm32f446xx.o [1]
  .text              ro code   0x800'11b4     0x4  startup_stm32f446xx.o [1]
  .text              ro code   0x800'11b8     0x4  startup_stm32f446xx.o [1]
  .text              ro code   0x800'11bc     0x4  startup_stm32f446xx.o [1]
  .text              ro code   0x800'11c0     0x4  startup_stm32f446xx.o [1]
  .text              ro code   0x800'11c4     0x4  startup_stm32f446xx.o [1]
  .text              ro code   0x800'11c8     0x4  startup_stm32f446xx.o [1]
  .text              ro code   0x800'11cc     0x4  startup_stm32f446xx.o [1]
  .text              ro code   0x800'11d0     0x4  startup_stm32f446xx.o [1]
  .text              ro code   0x800'11d4     0x4  startup_stm32f446xx.o [1]
  .text              ro code   0x800'11d8     0x4  startup_stm32f446xx.o [1]
  .text              ro code   0x800'11dc     0x4  startup_stm32f446xx.o [1]
  .text              ro code   0x800'11e0     0x4  startup_stm32f446xx.o [1]
  .text              ro code   0x800'11e4     0x4  startup_stm32f446xx.o [1]
  .text              ro code   0x800'11e8     0x4  startup_stm32f446xx.o [1]
  .text              ro code   0x800'11ec     0x4  startup_stm32f446xx.o [1]
  .text              ro code   0x800'11f0     0x4  startup_stm32f446xx.o [1]
  .text              ro code   0x800'11f4     0x4  startup_stm32f446xx.o [1]
  .text              ro code   0x800'11f8     0x4  startup_stm32f446xx.o [1]
  .text              ro code   0x800'11fc     0x4  startup_stm32f446xx.o [1]
  .text              ro code   0x800'1200     0x4  startup_stm32f446xx.o [1]
  .text              ro code   0x800'1204     0x4  startup_stm32f446xx.o [1]
  .text              ro code   0x800'1208     0x4  startup_stm32f446xx.o [1]
  .text              ro code   0x800'120c     0x4  startup_stm32f446xx.o [1]
  .text              ro code   0x800'1210     0x4  startup_stm32f446xx.o [1]
  .text              ro code   0x800'1214     0x4  startup_stm32f446xx.o [1]
  .rodata            const     0x800'1218     0x0  packbits_init_single.o [7]
  Initializer bytes  const     0x800'1218     0xd  <for P2-1>
                             - 0x800'1225  0x1061

"P2", part 1 of 2:                           0x54
  P2-1                        0x2000'0000    0x54  <Init block>
    .data            inited   0x2000'0000     0xc  stm32f4xx_hal.o [4]
    .data            inited   0x2000'000c     0x4  system_stm32f4xx.o [3]
    .bss             inited   0x2000'0010    0x44  main.o [2]
                            - 0x2000'0054    0x54

"P2", part 2 of 2:                          0x400
  CSTACK                      0x2000'0058   0x400  <Block>
    CSTACK           uninit   0x2000'0058   0x400  <Block tail>
                            - 0x2000'0458   0x400

Absolute sections:                           0x80
  .noinit            uninit   0x2001'bf00    0x80  main.o [2]
                            - 0x2001'bf80    0x80

Unused ranges:

         From           To      Size
         ----           --      ----
   0x800'1225   0x807'ffff  0x7'eddb
  0x2000'0054  0x2000'0057       0x4
  0x2000'0458  0x2001'beff  0x1'baa8
  0x2001'bf80  0x2001'ffff    0x4080


*******************************************************************************
*** INIT TABLE
***

          Address      Size
          -------      ----
Copy/packbits (__iar_packbits_init_single3)
    1 source range, total size 0xd (15% of destination):
           0x800'1218   0xd
    1 destination range, total size 0x54:
          0x2000'0000  0x54



*******************************************************************************
*** MODULE SUMMARY
***

    Module                  ro code  ro data  rw data  rw data
                                                        (abs)
    ------                  -------  -------  -------  -------
command line/config:
    ----------------------------------------------------------
    Total:

C:\STM32_Rep\Nucleo_F446RE_software_reset\Nucleo_F446RE_software_reset\EWARM\Nucleo_F446RE_software_reset\Obj\Application\EWARM: [1]
    startup_stm32f446xx.o       812
    ----------------------------------------------------------
    Total:                      812

C:\STM32_Rep\Nucleo_F446RE_software_reset\Nucleo_F446RE_software_reset\EWARM\Nucleo_F446RE_software_reset\Obj\Application\User\Core: [2]
    main.o                      430       11       68      128
    stm32f4xx_hal_msp.o         172
    stm32f4xx_it.o               20
    ----------------------------------------------------------
    Total:                      622       11       68      128

C:\STM32_Rep\Nucleo_F446RE_software_reset\Nucleo_F446RE_software_reset\EWARM\Nucleo_F446RE_software_reset\Obj\Drivers\CMSIS: [3]
    system_stm32f4xx.o           32        9        4
    ----------------------------------------------------------
    Total:                       32        9        4

C:\STM32_Rep\Nucleo_F446RE_software_reset\Nucleo_F446RE_software_reset\EWARM\Nucleo_F446RE_software_reset\Obj\Drivers\STM32F4xx_HAL_Driver: [4]
    stm32f4xx_hal.o             144        1       12
    stm32f4xx_hal_cortex.o      200
    stm32f4xx_hal_gpio.o        508
    stm32f4xx_hal_rcc.o         332
    stm32f4xx_hal_rcc_ex.o    1'008
    stm32f4xx_hal_uart.o        324
    ----------------------------------------------------------
    Total:                    2'516        1       12

dl7M_tln.a: [5]
    exit.o                        4
    low_level_init.o              4
    ----------------------------------------------------------
    Total:                        8

m7M_tls.a: [6]
    fpinit_M.o                   34
    ----------------------------------------------------------
    Total:                       34

rt7M_tl.a: [7]
    ABImemset.o                 102
    I64DivMod_small.o           262
    I64DivZer.o                   2
    cexit.o                      10
    cmain.o                      30
    cstartup_M.o                 28
    data_init.o                  40
    memset.o                     20
    packbits_init_single.o       58
    ----------------------------------------------------------
    Total:                      552

shb_l.a: [8]
    exit.o                       20
    ----------------------------------------------------------
    Total:                       20

    Gaps                         10        2
    Linker created                        16    1'024
--------------------------------------------------------------
    Grand Total:              4'606       39    1'108      128


*******************************************************************************
*** ENTRY LIST
***

Entry                       Address   Size  Type      Object
-----                       -------   ----  ----      ------
.iar.init_table$$Base    0x800'0ff0          --   Gb  - Linker created -
.iar.init_table$$Limit   0x800'1000          --   Gb  - Linker created -
?main                    0x800'1021         Code  Gb  cmain.o [7]
ADC_IRQHandler           0x800'1109         Code  Wk  startup_stm32f446xx.o [1]
AHBPrescTable            0x800'1010   0x10  Data  Gb  system_stm32f4xx.o [3]
APBPrescTable            0x800'10b8    0x8  Data  Gb  system_stm32f4xx.o [3]
BusFault_Handler         0x800'108b    0x2  Code  Gb  stm32f4xx_it.o [2]
CAN1_RX0_IRQHandler      0x800'1111         Code  Wk  startup_stm32f446xx.o [1]
CAN1_RX1_IRQHandler      0x800'1115         Code  Wk  startup_stm32f446xx.o [1]
CAN1_SCE_IRQHandler      0x800'1119         Code  Wk  startup_stm32f446xx.o [1]
CAN1_TX_IRQHandler       0x800'110d         Code  Wk  startup_stm32f446xx.o [1]
CAN2_RX0_IRQHandler      0x800'11b9         Code  Wk  startup_stm32f446xx.o [1]
CAN2_RX1_IRQHandler      0x800'11bd         Code  Wk  startup_stm32f446xx.o [1]
CAN2_SCE_IRQHandler      0x800'11c1         Code  Wk  startup_stm32f446xx.o [1]
CAN2_TX_IRQHandler       0x800'11b5         Code  Wk  startup_stm32f446xx.o [1]
CEC_IRQHandler           0x800'1209         Code  Wk  startup_stm32f446xx.o [1]
CSTACK$$Base            0x2000'0058          --   Gb  - Linker created -
CSTACK$$Limit           0x2000'0458          --   Gb  - Linker created -
Configs                 0x2001'bf00   0x80  Data  Wk  main.o [2]
DCMI_IRQHandler          0x800'11f1         Code  Wk  startup_stm32f446xx.o [1]
DMA1_Stream0_IRQHandler
                         0x800'10ed         Code  Wk  startup_stm32f446xx.o [1]
DMA1_Stream1_IRQHandler
                         0x800'10f1         Code  Wk  startup_stm32f446xx.o [1]
DMA1_Stream2_IRQHandler
                         0x800'10f5         Code  Wk  startup_stm32f446xx.o [1]
DMA1_Stream3_IRQHandler
                         0x800'10f9         Code  Wk  startup_stm32f446xx.o [1]
DMA1_Stream4_IRQHandler
                         0x800'10fd         Code  Wk  startup_stm32f446xx.o [1]
DMA1_Stream5_IRQHandler
                         0x800'1101         Code  Wk  startup_stm32f446xx.o [1]
DMA1_Stream6_IRQHandler
                         0x800'1105         Code  Wk  startup_stm32f446xx.o [1]
DMA1_Stream7_IRQHandler
                         0x800'117d         Code  Wk  startup_stm32f446xx.o [1]
DMA2_Stream0_IRQHandler
                         0x800'11a1         Code  Wk  startup_stm32f446xx.o [1]
DMA2_Stream1_IRQHandler
                         0x800'11a5         Code  Wk  startup_stm32f446xx.o [1]
DMA2_Stream2_IRQHandler
                         0x800'11a9         Code  Wk  startup_stm32f446xx.o [1]
DMA2_Stream3_IRQHandler
                         0x800'11ad         Code  Wk  startup_stm32f446xx.o [1]
DMA2_Stream4_IRQHandler
                         0x800'11b1         Code  Wk  startup_stm32f446xx.o [1]
DMA2_Stream5_IRQHandler
                         0x800'11c9         Code  Wk  startup_stm32f446xx.o [1]
DMA2_Stream6_IRQHandler
                         0x800'11cd         Code  Wk  startup_stm32f446xx.o [1]
DMA2_Stream7_IRQHandler
                         0x800'11d1         Code  Wk  startup_stm32f446xx.o [1]
DebugMon_Handler         0x800'1091    0x2  Code  Gb  stm32f4xx_it.o [2]
EXTI0_IRQHandler         0x800'10d9         Code  Wk  startup_stm32f446xx.o [1]
EXTI15_10_IRQHandler     0x800'1161         Code  Wk  startup_stm32f446xx.o [1]
EXTI1_IRQHandler         0x800'10dd         Code  Wk  startup_stm32f446xx.o [1]
EXTI2_IRQHandler         0x800'10e1         Code  Wk  startup_stm32f446xx.o [1]
EXTI3_IRQHandler         0x800'10e5         Code  Wk  startup_stm32f446xx.o [1]
EXTI4_IRQHandler         0x800'10e9         Code  Wk  startup_stm32f446xx.o [1]
EXTI9_5_IRQHandler       0x800'111d         Code  Wk  startup_stm32f446xx.o [1]
Error_Handler            0x800'0aab    0x4  Code  Gb  main.o [2]
FLASH_IRQHandler         0x800'10d1         Code  Wk  startup_stm32f446xx.o [1]
FMC_IRQHandler           0x800'1181         Code  Wk  startup_stm32f446xx.o [1]
FMPI2C1_ER_IRQHandler    0x800'1215         Code  Wk  startup_stm32f446xx.o [1]
FMPI2C1_EV_IRQHandler    0x800'1211         Code  Wk  startup_stm32f446xx.o [1]
FPU_IRQHandler           0x800'11f5         Code  Wk  startup_stm32f446xx.o [1]
HAL_GPIO_Init            0x800'0705  0x1cc  Code  Gb  stm32f4xx_hal_gpio.o [4]
HAL_GPIO_WritePin        0x800'08d1    0x8  Code  Gb  stm32f4xx_hal_gpio.o [4]
HAL_GetTick              0x800'05b5    0xc  Code  Wk  stm32f4xx_hal.o [4]
HAL_IncTick              0x800'1099   0x10  Code  Wk  stm32f4xx_hal.o [4]
HAL_Init                 0x800'0ab1   0x30  Code  Gb  stm32f4xx_hal.o [4]
HAL_InitTick             0x800'0e51   0x40  Code  Wk  stm32f4xx_hal.o [4]
HAL_MspInit              0x800'0e91   0x38  Code  Gb  stm32f4xx_hal_msp.o [2]
HAL_NVIC_SetPriority     0x800'0c5d   0x3a  Code  Gb  stm32f4xx_hal_cortex.o [4]
HAL_NVIC_SetPriorityGrouping
                         0x800'0c43   0x1a  Code  Gb  stm32f4xx_hal_cortex.o [4]
HAL_NVIC_SystemReset     0x800'0c97   0x1a  Code  Gb  stm32f4xx_hal_cortex.o [4]
HAL_RCC_ClockConfig      0x800'0d05  0x100  Code  Gb  stm32f4xx_hal_rcc.o [4]
HAL_RCC_GetPCLK1Freq     0x800'0e11   0x10  Code  Gb  stm32f4xx_hal_rcc.o [4]
HAL_RCC_GetPCLK2Freq     0x800'0e21    0xe  Code  Gb  stm32f4xx_hal_rcc.o [4]
HAL_RCC_GetSysClockFreq
                         0x800'01cd   0x7a  Code  Gb  stm32f4xx_hal_rcc_ex.o [4]
HAL_RCC_OscConfig        0x800'0257  0x32e  Code  Gb  stm32f4xx_hal_rcc_ex.o [4]
HAL_SYSTICK_Config       0x800'0cb1   0x22  Code  Gb  stm32f4xx_hal_cortex.o [4]
HAL_UART_Init            0x800'0ae5   0x1e  Code  Gb  stm32f4xx_hal_uart.o [4]
HAL_UART_MspInit         0x800'0ec9   0x64  Code  Gb  stm32f4xx_hal_msp.o [2]
HardFault_Handler        0x800'1087    0x2  Code  Gb  stm32f4xx_it.o [2]
I2C1_ER_IRQHandler       0x800'1141         Code  Wk  startup_stm32f446xx.o [1]
I2C1_EV_IRQHandler       0x800'113d         Code  Wk  startup_stm32f446xx.o [1]
I2C2_ER_IRQHandler       0x800'1149         Code  Wk  startup_stm32f446xx.o [1]
I2C2_EV_IRQHandler       0x800'1145         Code  Wk  startup_stm32f446xx.o [1]
I2C3_ER_IRQHandler       0x800'11dd         Code  Wk  startup_stm32f446xx.o [1]
I2C3_EV_IRQHandler       0x800'11d9         Code  Wk  startup_stm32f446xx.o [1]
MemManage_Handler        0x800'1089    0x2  Code  Gb  stm32f4xx_it.o [2]
NMI_Handler              0x800'1085    0x2  Code  Gb  stm32f4xx_it.o [2]
OTG_FS_IRQHandler        0x800'11c5         Code  Wk  startup_stm32f446xx.o [1]
OTG_FS_WKUP_IRQHandler   0x800'1169         Code  Wk  startup_stm32f446xx.o [1]
OTG_HS_EP1_IN_IRQHandler
                         0x800'11e5         Code  Wk  startup_stm32f446xx.o [1]
OTG_HS_EP1_OUT_IRQHandler
                         0x800'11e1         Code  Wk  startup_stm32f446xx.o [1]
OTG_HS_IRQHandler        0x800'11ed         Code  Wk  startup_stm32f446xx.o [1]
OTG_HS_WKUP_IRQHandler   0x800'11e9         Code  Wk  startup_stm32f446xx.o [1]
PVD_IRQHandler           0x800'10c5         Code  Wk  startup_stm32f446xx.o [1]
PendSV_Handler           0x800'1093    0x2  Code  Gb  stm32f4xx_it.o [2]
QUADSPI_IRQHandler       0x800'1205         Code  Wk  startup_stm32f446xx.o [1]
RCC_IRQHandler           0x800'10d5         Code  Wk  startup_stm32f446xx.o [1]
RTC_Alarm_IRQHandler     0x800'1165         Code  Wk  startup_stm32f446xx.o [1]
RTC_WKUP_IRQHandler      0x800'10cd         Code  Wk  startup_stm32f446xx.o [1]
Region$$Table$$Base      0x800'0ff0          --   Gb  - Linker created -
Region$$Table$$Limit     0x800'1000          --   Gb  - Linker created -
Reset_Handler            0x800'10a9         Code  Wk  startup_stm32f446xx.o [1]
SAI1_IRQHandler          0x800'11fd         Code  Wk  startup_stm32f446xx.o [1]
SAI2_IRQHandler          0x800'1201         Code  Wk  startup_stm32f446xx.o [1]
SDIO_IRQHandler          0x800'1185         Code  Wk  startup_stm32f446xx.o [1]
SPDIF_RX_IRQHandler      0x800'120d         Code  Wk  startup_stm32f446xx.o [1]
SPI1_IRQHandler          0x800'114d         Code  Wk  startup_stm32f446xx.o [1]
SPI2_IRQHandler          0x800'1151         Code  Wk  startup_stm32f446xx.o [1]
SPI3_IRQHandler          0x800'118d         Code  Wk  startup_stm32f446xx.o [1]
SPI4_IRQHandler          0x800'11f9         Code  Wk  startup_stm32f446xx.o [1]
SVC_Handler              0x800'108f    0x2  Code  Gb  stm32f4xx_it.o [2]
SysTick_Handler          0x800'1095    0x4  Code  Gb  stm32f4xx_it.o [2]
SystemClock_Config       0x800'09e5   0x9c  Code  Gb  main.o [2]
SystemCoreClock         0x2000'000c    0x4  Data  Gb  system_stm32f4xx.o [3]
SystemInit               0x800'1001    0xc  Code  Gb  system_stm32f4xx.o [3]
TAMP_STAMP_IRQHandler    0x800'10c9         Code  Wk  startup_stm32f446xx.o [1]
TIM1_BRK_TIM9_IRQHandler
                         0x800'1121         Code  Wk  startup_stm32f446xx.o [1]
TIM1_CC_IRQHandler       0x800'112d         Code  Wk  startup_stm32f446xx.o [1]
TIM1_TRG_COM_TIM11_IRQHandler
                         0x800'1129         Code  Wk  startup_stm32f446xx.o [1]
TIM1_UP_TIM10_IRQHandler
                         0x800'1125         Code  Wk  startup_stm32f446xx.o [1]
TIM2_IRQHandler          0x800'1131         Code  Wk  startup_stm32f446xx.o [1]
TIM3_IRQHandler          0x800'1135         Code  Wk  startup_stm32f446xx.o [1]
TIM4_IRQHandler          0x800'1139         Code  Wk  startup_stm32f446xx.o [1]
TIM5_IRQHandler          0x800'1189         Code  Wk  startup_stm32f446xx.o [1]
TIM6_DAC_IRQHandler      0x800'1199         Code  Wk  startup_stm32f446xx.o [1]
TIM7_IRQHandler          0x800'119d         Code  Wk  startup_stm32f446xx.o [1]
TIM8_BRK_TIM12_IRQHandler
                         0x800'116d         Code  Wk  startup_stm32f446xx.o [1]
TIM8_CC_IRQHandler       0x800'1179         Code  Wk  startup_stm32f446xx.o [1]
TIM8_TRG_COM_TIM14_IRQHandler
                         0x800'1175         Code  Wk  startup_stm32f446xx.o [1]
TIM8_UP_TIM13_IRQHandler
                         0x800'1171         Code  Wk  startup_stm32f446xx.o [1]
UART4_IRQHandler         0x800'1191         Code  Wk  startup_stm32f446xx.o [1]
UART5_IRQHandler         0x800'1195         Code  Wk  startup_stm32f446xx.o [1]
UART_SetConfig           0x800'0b5f   0xb0  Code  Lc  stm32f4xx_hal_uart.o [4]
USART1_IRQHandler        0x800'1155         Code  Wk  startup_stm32f446xx.o [1]
USART2_IRQHandler        0x800'1159         Code  Wk  startup_stm32f446xx.o [1]
USART3_IRQHandler        0x800'115d         Code  Wk  startup_stm32f446xx.o [1]
USART6_IRQHandler        0x800'11d5         Code  Wk  startup_stm32f446xx.o [1]
UsageFault_Handler       0x800'108d    0x2  Code  Gb  stm32f4xx_it.o [2]
WWDG_IRQHandler          0x800'10c1         Code  Wk  startup_stm32f446xx.o [1]
__NVIC_SetPriority       0x800'0c29   0x1a  Code  Lc  stm32f4xx_hal_cortex.o [4]
__aeabi_ldiv0            0x800'0701         Code  Gb  I64DivZer.o [7]
__aeabi_memset           0x800'0f3d         Code  Gb  ABImemset.o [7]
__cmain                  0x800'1021         Code  Gb  cmain.o [7]
__exit                   0x800'1055   0x14  Code  Gb  exit.o [8]
__iar_Memset             0x800'0f3d         Code  Gb  ABImemset.o [7]
__iar_Memset_word        0x800'0f45         Code  Gb  ABImemset.o [7]
__iar_data_init3         0x800'0fa5   0x28  Code  Gb  data_init.o [7]
__iar_init_vfp           0x800'0fcd         Code  Gb  fpinit_M.o [6]
__iar_packbits_init_single3
                         0x800'06c7   0x3a  Code  Gb  packbits_init_single.o [7]
__iar_program_start      0x800'1069         Code  Gb  cstartup_M.o [7]
__iar_small_uldivmod     0x800'05c1         Code  Gb  I64DivMod_small.o [7]
__low_level_init         0x800'103f    0x4  Code  Gb  low_level_init.o [5]
__vector_table           0x800'0000         Data  Gb  startup_stm32f446xx.o [1]
_call_main               0x800'102d         Code  Gb  cmain.o [7]
_exit                    0x800'1049         Code  Gb  cexit.o [7]
exit                     0x800'1043    0x4  Code  Gb  exit.o [5]
huart2                  0x2000'0010   0x44  Data  Gb  main.o [2]
main                     0x800'0901   0xe4  Code  Gb  main.o [2]
memset                   0x800'0cf1   0x14  Code  Gb  memset.o [7]
uwTick                  0x2000'0004    0x4  Data  Gb  stm32f4xx_hal.o [4]
uwTickFreq              0x2000'0000    0x1  Data  Gb  stm32f4xx_hal.o [4]
uwTickPrio              0x2000'0008    0x4  Data  Gb  stm32f4xx_hal.o [4]


[1] = C:\STM32_Rep\Nucleo_F446RE_software_reset\Nucleo_F446RE_software_reset\EWARM\Nucleo_F446RE_software_reset\Obj\Application\EWARM
[2] = C:\STM32_Rep\Nucleo_F446RE_software_reset\Nucleo_F446RE_software_reset\EWARM\Nucleo_F446RE_software_reset\Obj\Application\User\Core
[3] = C:\STM32_Rep\Nucleo_F446RE_software_reset\Nucleo_F446RE_software_reset\EWARM\Nucleo_F446RE_software_reset\Obj\Drivers\CMSIS
[4] = C:\STM32_Rep\Nucleo_F446RE_software_reset\Nucleo_F446RE_software_reset\EWARM\Nucleo_F446RE_software_reset\Obj\Drivers\STM32F4xx_HAL_Driver
[5] = dl7M_tln.a
[6] = m7M_tls.a
[7] = rt7M_tl.a
[8] = shb_l.a

  4'606 bytes of readonly  code memory
     39 bytes of readonly  data memory
  1'108 bytes of readwrite data memory (+ 128 absolute)

Errors: none
Warnings: none
